###############################################################################
#
# IAR ELF Linker V8.32.1.169/W32 for ARM                  11/Dec/2020  13:15:30
# Copyright 2007-2018 IAR Systems AB.
#
#    Output file  =  
#        F:\比赛\程序\定稿工程\总钻风山外库2（能用）(主板）\Prj\IAR\FN15_Debug\Exe\vcan_Kinetis.out
#    Map file     =  
#        F:\比赛\程序\定稿工程\总钻风山外库2（能用）(主板）\Prj\IAR\FN15_Debug\List\vcan_Kinetis.map
#    Command line =  
#        -f C:\Windows\TEMP\EW7DE8.tmp
#        ("F:\比赛\程序\定稿工程\总钻风山外库2（能用）(主板）\Prj\IAR\FN15_Debug\Obj\analyse.o"
#        "F:\比赛\程序\定稿工程\总钻风山外库2（能用）(主板）\Prj\IAR\FN15_Debug\Obj\camera_unit.o"
#        "F:\比赛\程序\定稿工程\总钻风山外库2（能用）(主板）\Prj\IAR\FN15_Debug\Obj\circleflag.o"
#        "F:\比赛\程序\定稿工程\总钻风山外库2（能用）(主板）\Prj\IAR\FN15_Debug\Obj\diskio.o"
#        "F:\比赛\程序\定稿工程\总钻风山外库2（能用）(主板）\Prj\IAR\FN15_Debug\Obj\encoder.o"
#        "F:\比赛\程序\定稿工程\总钻风山外库2（能用）(主板）\Prj\IAR\FN15_Debug\Obj\ff.o"
#        "F:\比赛\程序\定稿工程\总钻风山外库2（能用）(主板）\Prj\IAR\FN15_Debug\Obj\font.o"
#        "F:\比赛\程序\定稿工程\总钻风山外库2（能用）(主板）\Prj\IAR\FN15_Debug\Obj\init.o"
#        "F:\比赛\程序\定稿工程\总钻风山外库2（能用）(主板）\Prj\IAR\FN15_Debug\Obj\interrupt.o"
#        "F:\比赛\程序\定稿工程\总钻风山外库2（能用）(主板）\Prj\IAR\FN15_Debug\Obj\LCD_menu.o"
#        "F:\比赛\程序\定稿工程\总钻风山外库2（能用）(主板）\Prj\IAR\FN15_Debug\Obj\main.o"
#        "F:\比赛\程序\定稿工程\总钻风山外库2（能用）(主板）\Prj\IAR\FN15_Debug\Obj\misc.o"
#        "F:\比赛\程序\定稿工程\总钻风山外库2（能用）(主板）\Prj\IAR\FN15_Debug\Obj\MK60_adc.o"
#        "F:\比赛\程序\定稿工程\总钻风山外库2（能用）(主板）\Prj\IAR\FN15_Debug\Obj\MK60_can.o"
#        "F:\比赛\程序\定稿工程\总钻风山外库2（能用）(主板）\Prj\IAR\FN15_Debug\Obj\MK60_conf.o"
#        "F:\比赛\程序\定稿工程\总钻风山外库2（能用）(主板）\Prj\IAR\FN15_Debug\Obj\MK60_dac.o"
#        "F:\比赛\程序\定稿工程\总钻风山外库2（能用）(主板）\Prj\IAR\FN15_Debug\Obj\MK60_dma.o"
#        "F:\比赛\程序\定稿工程\总钻风山外库2（能用）(主板）\Prj\IAR\FN15_Debug\Obj\MK60_DWT.o"
#        "F:\比赛\程序\定稿工程\总钻风山外库2（能用）(主板）\Prj\IAR\FN15_Debug\Obj\MK60_flash.o"
#        "F:\比赛\程序\定稿工程\总钻风山外库2（能用）(主板）\Prj\IAR\FN15_Debug\Obj\MK60_flexbus.o"
#        "F:\比赛\程序\定稿工程\总钻风山外库2（能用）(主板）\Prj\IAR\FN15_Debug\Obj\MK60_ftm.o"
#        "F:\比赛\程序\定稿工程\总钻风山外库2（能用）(主板）\Prj\IAR\FN15_Debug\Obj\MK60_gpio.o"
#        "F:\比赛\程序\定稿工程\总钻风山外库2（能用）(主板）\Prj\IAR\FN15_Debug\Obj\MK60_i2c.o"
#        "F:\比赛\程序\定稿工程\总钻风山外库2（能用）(主板）\Prj\IAR\FN15_Debug\Obj\MK60_it.o"
#        "F:\比赛\程序\定稿工程\总钻风山外库2（能用）(主板）\Prj\IAR\FN15_Debug\Obj\MK60_lptmr.o"
#        "F:\比赛\程序\定稿工程\总钻风山外库2（能用）(主板）\Prj\IAR\FN15_Debug\Obj\MK60_mcg.o"
#        "F:\比赛\程序\定稿工程\总钻风山外库2（能用）(主板）\Prj\IAR\FN15_Debug\Obj\MK60_PIT.o"
#        "F:\比赛\程序\定稿工程\总钻风山外库2（能用）(主板）\Prj\IAR\FN15_Debug\Obj\MK60_port.o"
#        "F:\比赛\程序\定稿工程\总钻风山外库2（能用）(主板）\Prj\IAR\FN15_Debug\Obj\MK60_rtc.o"
#        "F:\比赛\程序\定稿工程\总钻风山外库2（能用）(主板）\Prj\IAR\FN15_Debug\Obj\MK60_sdhc.o"
#        "F:\比赛\程序\定稿工程\总钻风山外库2（能用）(主板）\Prj\IAR\FN15_Debug\Obj\MK60_spi.o"
#        "F:\比赛\程序\定稿工程\总钻风山外库2（能用）(主板）\Prj\IAR\FN15_Debug\Obj\MK60_SysTick.o"
#        "F:\比赛\程序\定稿工程\总钻风山外库2（能用）(主板）\Prj\IAR\FN15_Debug\Obj\MK60_uart.o"
#        "F:\比赛\程序\定稿工程\总钻风山外库2（能用）(主板）\Prj\IAR\FN15_Debug\Obj\MK60_usb.o"
#        "F:\比赛\程序\定稿工程\总钻风山外库2（能用）(主板）\Prj\IAR\FN15_Debug\Obj\MK60_wdog.o"
#        "F:\比赛\程序\定稿工程\总钻风山外库2（能用）(主板）\Prj\IAR\FN15_Debug\Obj\motor.o"
#        "F:\比赛\程序\定稿工程\总钻风山外库2（能用）(主板）\Prj\IAR\FN15_Debug\Obj\OTSU.o"
#        "F:\比赛\程序\定稿工程\总钻风山外库2（能用）(主板）\Prj\IAR\FN15_Debug\Obj\PID.o"
#        "F:\比赛\程序\定稿工程\总钻风山外库2（能用）(主板）\Prj\IAR\FN15_Debug\Obj\SEEKFREE_18TFT.o"
#        "F:\比赛\程序\定稿工程\总钻风山外库2（能用）(主板）\Prj\IAR\FN15_Debug\Obj\SEEKFREE_IIC.o"
#        "F:\比赛\程序\定稿工程\总钻风山外库2（能用）(主板）\Prj\IAR\FN15_Debug\Obj\SEEKFREE_MT9V032.o"
#        "F:\比赛\程序\定稿工程\总钻风山外库2（能用）(主板）\Prj\IAR\FN15_Debug\Obj\SEEKFREE_OLED.o"
#        "F:\比赛\程序\定稿工程\总钻风山外库2（能用）(主板）\Prj\IAR\FN15_Debug\Obj\Send.o"
#        "F:\比赛\程序\定稿工程\总钻风山外库2（能用）(主板）\Prj\IAR\FN15_Debug\Obj\startup_MK60DZ10.o"
#        "F:\比赛\程序\定稿工程\总钻风山外库2（能用）(主板）\Prj\IAR\FN15_Debug\Obj\system_MK60DZ10.o"
#        "F:\比赛\程序\定稿工程\总钻风山外库2（能用）(主板）\Prj\IAR\FN15_Debug\Obj\USB.o"
#        "F:\比赛\程序\定稿工程\总钻风山外库2（能用）(主板）\Prj\IAR\FN15_Debug\Obj\USB_CDC.o"
#        "F:\比赛\程序\定稿工程\总钻风山外库2（能用）(主板）\Prj\IAR\FN15_Debug\Obj\VCAN_ASCII.o"
#        "F:\比赛\程序\定稿工程\总钻风山外库2（能用）(主板）\Prj\IAR\FN15_Debug\Obj\VCAN_BMP.o"
#        "F:\比赛\程序\定稿工程\总钻风山外库2（能用）(主板）\Prj\IAR\FN15_Debug\Obj\VCAN_camera.o"
#        "F:\比赛\程序\定稿工程\总钻风山外库2（能用）(主板）\Prj\IAR\FN15_Debug\Obj\VCAN_computer.o"
#        "F:\比赛\程序\定稿工程\总钻风山外库2（能用）(主板）\Prj\IAR\FN15_Debug\Obj\vcan_img2sd.o"
#        "F:\比赛\程序\定稿工程\总钻风山外库2（能用）(主板）\Prj\IAR\FN15_Debug\Obj\VCAN_key.o"
#        "F:\比赛\程序\定稿工程\总钻风山外库2（能用）(主板）\Prj\IAR\FN15_Debug\Obj\VCAN_key_event.o"
#        "F:\比赛\程序\定稿工程\总钻风山外库2（能用）(主板）\Prj\IAR\FN15_Debug\Obj\VCAN_LCD.o"
#        "F:\比赛\程序\定稿工程\总钻风山外库2（能用）(主板）\Prj\IAR\FN15_Debug\Obj\VCAN_LCD_CH.o"
#        "F:\比赛\程序\定稿工程\总钻风山外库2（能用）(主板）\Prj\IAR\FN15_Debug\Obj\VCAN_LCD_ILI9341.o"
#        "F:\比赛\程序\定稿工程\总钻风山外库2（能用）(主板）\Prj\IAR\FN15_Debug\Obj\VCAN_LCD_ST7735R.o"
#        "F:\比赛\程序\定稿工程\总钻风山外库2（能用）(主板）\Prj\IAR\FN15_Debug\Obj\VCAN_LCD_ST7735S.o"
#        "F:\比赛\程序\定稿工程\总钻风山外库2（能用）(主板）\Prj\IAR\FN15_Debug\Obj\VCAN_LED.o"
#        "F:\比赛\程序\定稿工程\总钻风山外库2（能用）(主板）\Prj\IAR\FN15_Debug\Obj\VCAN_MMA7455.o"
#        "F:\比赛\程序\定稿工程\总钻风山外库2（能用）(主板）\Prj\IAR\FN15_Debug\Obj\VCAN_NRF24L0.o"
#        "F:\比赛\程序\定稿工程\总钻风山外库2（能用）(主板）\Prj\IAR\FN15_Debug\Obj\VCAN_NRF24L0_MSG.o"
#        "F:\比赛\程序\定稿工程\总钻风山外库2（能用）(主板）\Prj\IAR\FN15_Debug\Obj\VCAN_OV7725_Eagle.o"
#        "F:\比赛\程序\定稿工程\总钻风山外库2（能用）(主板）\Prj\IAR\FN15_Debug\Obj\VCAN_OV7725_Wolf.o"
#        "F:\比赛\程序\定稿工程\总钻风山外库2（能用）(主板）\Prj\IAR\FN15_Debug\Obj\VCAN_RTC_count.o"
#        "F:\比赛\程序\定稿工程\总钻风山外库2（能用）(主板）\Prj\IAR\FN15_Debug\Obj\VCAN_SCCB.o"
#        "F:\比赛\程序\定稿工程\总钻风山外库2（能用）(主板）\Prj\IAR\FN15_Debug\Obj\vcan_sd_app.o"
#        "F:\比赛\程序\定稿工程\总钻风山外库2（能用）(主板）\Prj\IAR\FN15_Debug\Obj\Vcan_touch.o"
#        "F:\比赛\程序\定稿工程\总钻风山外库2（能用）(主板）\Prj\IAR\FN15_Debug\Obj\VCAN_TSL1401.o"
#        "F:\比赛\程序\定稿工程\总钻风山外库2（能用）(主板）\Prj\IAR\FN15_Debug\Obj\VCAN_UI_VAR.o"
#        "F:\比赛\程序\定稿工程\总钻风山外库2（能用）(主板）\Prj\IAR\FN15_Debug\Obj\vectors.o"
#        --redirect _Printf=_PrintfLargeNoMb --redirect _Scanf=_ScanfLargeNoMb
#        --no_out_extension -o
#        "F:\比赛\程序\定稿工程\总钻风山外库2（能用）(主板）\Prj\IAR\FN15_Debug\Exe\vcan_Kinetis.out"
#        --map
#        "F:\比赛\程序\定稿工程\总钻风山外库2（能用）(主板）\Prj\IAR\FN15_Debug\List\vcan_Kinetis.map"
#        --config
#        "F:\比赛\程序\定稿工程\总钻风山外库2（能用）(主板）\Prj\IAR\config
#        files\vcan_ROM_K60N1M.icf"
#        "F:\比赛\程序\定稿工程\总钻风山外库2（能用）(主板）\Prj\IAR\..\..\Lib\CMSIS\iar_cortexM4l_math.a"
#        --entry __iar_program_start --redirect __write=__write_buffered --vfe
#        --text_out locale)
#
###############################################################################

*******************************************************************************
*** RUNTIME MODEL ATTRIBUTES
***

CppFlavor       = *
__Heap_Handler  = DLMalloc
__SystemLibrary = DLib
__dlib_version  = 6


*******************************************************************************
*** HEAP SELECTION
***

The advanced heap was selected because the application calls memory
allocation functions outside of system library functions, and there
are calls to deallocation functions in the application.


*******************************************************************************
*** PLACEMENT SUMMARY
***

"A0":  place at 0x0 { ro section .intvec };
"A1":  place at 0x410 { ro section .noinit };
define block CodeRelocate { section .textrw_init };
"P1":  place in [from 0x0 to 0x10'0000] { ro, block CodeRelocate };
define block CodeRelocateRam { section .textrw };
define block CSTACK with size = 4K, alignment = 8 { };
define block HEAP with size = 512, alignment = 8 { };
"P2":  place in [from 0x1fff'0410 to 0x2001'0000] {
          rw, block CodeRelocateRam, block CSTACK, block HEAP };
initialize manually with packing = copy, complex ranges { section .data };
initialize manually with packing = copy, complex ranges { section .textrw };

  Section              Kind         Address    Size  Object
  -------              ----         -------    ----  ------
"A0":                                         0x410
  .intvec              const            0x0   0x410  vectors.o [1]
                                    - 0x410   0x410

"A1":                                           0x8
  .noinit              ro code        0x410     0x8  startup_MK60DZ10.o [1]
                                    - 0x418     0x8

"P1":                                        0x951c
  .text                ro code        0x418  0x1248  VCAN_LCD_ST7735S.o [1]
  .text                ro code       0x1660   0x1ac  MK60_gpio.o [1]
  .text                ro code       0x180c    0xb8  MK60_port.o [1]
  .text                ro code       0x18c4    0x60  MK60_SysTick.o [1]
  Veneer               ro code       0x1924     0x8  - Linker created -
  Veneer               ro code       0x192c     0x8  - Linker created -
  .text                ro code       0x1934   0x140  MK60_conf.o [1]
  .text                ro code       0x1a74    0xc0  VCAN_LED.o [1]
  .text                ro code       0x1b34    0x28  printf.o [2]
  .text                ro code       0x1b5c   0x2bc  MK60_uart.o [1]
  .text                ro code       0x1e18    0xa4  VCAN_key.o [1]
  .text                ro code       0x1ebc   0xc16  xprintflarge_nomb.o [2]
  .text                ro code       0x2ad2    0x3a  zero_init3.o [4]
  .text                ro code       0x2b0c    0x16  strchr.o [4]
  .text                ro code       0x2b24    0x40  xfail_s.o [2]
  .text                ro code       0x2b64    0x36  strlen.o [4]
  .text                ro code       0x2b9c    0x58  memchr.o [4]
  .text                ro code       0x2bf4   0x230  I64DivMod.o [4]
  .text                ro code       0x2e24   0x1a2  DblMul.o [3]
  .text                ro code       0x2fc8    0xa6  ABImemcpy.o [4]
  .text                ro code       0x3070    0x70  frexp.o [3]
  .text                ro code       0x30e0   0x246  DblDiv.o [3]
  .text                ro code       0x3328    0x28  DblToU32.o [3]
  .text                ro code       0x3350    0x1a  U32ToDbl.o [3]
  .text                ro code       0x336c    0xe2  DblSub.o [3]
  .text                ro code       0x3450     0x8  xlocale_c.o [2]
  .text                ro code       0x3458     0x6  abort.o [2]
  .text                ro code       0x3460     0x2  I64DivZer.o [4]
  .text                ro code       0x3464   0x17a  DblAdd.o [3]
  .text                ro code       0x35e0     0xc  XXexit.o [4]
  .text                ro code       0x35ec   0x9d0  LCD_menu.o [1]
  .text                ro code       0x3fbc   0x3c0  VCAN_LCD.o [1]
  .data_init                         0x437c   0x8f4  <Block>
    Initializer bytes  const         0x437c   0x8f4  <for .data-1>
  .text                ro code       0x4c70   0x778  interrupt.o [1]
  .text                ro code       0x53e8    0x50  camera_unit.o [1]
  .text                ro code       0x5438   0x1a0  encoder.o [1]
  .text                ro code       0x55d8   0x34c  circleflag.o [1]
  .text                ro code       0x5924   0x2f4  motor.o [1]
  .text                ro code       0x5c18     0x8  abs.o [2]
  .text                ro code       0x5c20   0x36c  VCAN_NRF24L0.o [1]
  .text                ro code       0x5f8c   0x2c8  SEEKFREE_MT9V032.o [1]
  .text                ro code       0x6254    0x24  S32ToFlt.o [3]
  .text                ro code       0x6278    0x80  FltSub.o [3]
  .text                ro code       0x62f8    0x2a  FltToS32.o [3]
  .text                ro code       0x6324    0xe2  FltAdd.o [3]
  .text                ro code       0x6408   0x74c  PID.o [1]
  .text                ro code       0x6b54   0x600  MK60_ftm.o [1]
  .text                ro code       0x7154    0x1c  U32ToFlt.o [3]
  .text                ro code       0x7170    0xd8  FltMul.o [3]
  .text                ro code       0x7248    0x48  FltToDbl.o [3]
  .text                ro code       0x7290    0x68  DblToFlt.o [3]
  .text                ro code       0x72f8   0x67c  MK60_spi.o [1]
  .text                ro code       0x7974   0x248  MK60_dma.o [1]
  .text                ro code       0x7bbc    0x22  S32ToDbl.o [3]
  .text                ro code       0x7be0    0x3a  DblToS32.o [3]
  .text                ro code       0x7c1c    0x24  FltCmpGe.o [3]
  .text                ro code       0x7c40    0x24  FltCmpLe.o [3]
  .text                ro code       0x7c64    0x1c  FltCmpEq.o [3]
  .text                ro code       0x7c80    0x2e  DblCmpLe.o [3]
  .text                ro code       0x7cb0    0xfc  FltDiv.o [3]
  Veneer               ro code       0x7dac     0x8  - Linker created -
  .text                ro code       0x7db4   0x71c  init.o [1]
  .text                ro code       0x84d0    0x50  misc.o [1]
  .text                ro code       0x8520    0x7c  MK60_PIT.o [1]
  .rodata              const         0x859c   0x600  VCAN_ASCII.o [1]
  Veneer               ro code       0x8b9c     0x8  - Linker created -
  .text                ro code       0x8ba4   0x3cc  MK60_mcg.o [1]
  CodeRelocate                       0x8f70   0x2c8  <Block>
    Initializer bytes  const         0x8f70   0x2c8  <for CodeRelocateRam-1>
  .text                ro code       0x9238   0x118  system_MK60DZ10.o [1]
  .text                ro code       0x9350    0x40  MK60_wdog.o [1]
  .text                ro code       0x9390    0x58  main.o [1]
  .rodata              const         0x93e8    0x68  VCAN_LCD_ST7735S.o [1]
  .rodata              const         0x9450    0x60  MK60_flash.o [1]
  .rodata              const         0x94b0    0x60  MK60_gpio.o [1]
  .rodata              const         0x9510    0x60  MK60_SysTick.o [1]
  .rodata              const         0x9570    0x60  MK60_uart.o [1]
  .rodata              const         0x95d0    0x5c  MK60_dma.o [1]
  .rodata              const         0x962c    0x5c  MK60_ftm.o [1]
  .rodata              const         0x9688    0x5c  MK60_PIT.o [1]
  .rodata              const         0x96e4    0x5c  MK60_spi.o [1]
  .rodata              const         0x9740    0x58  misc.o [1]
  .rodata              const         0x9798    0x40  MK60_spi.o [1]
  .rodata              const         0x97d8    0x3c  MK60_conf.o [1]
  .text                ro code       0x9814    0x28  data_init.o [4]
  .rodata              const         0x983c    0x24  MK60_conf.o [1]
  .iar.init_table      const         0x9860    0x10  - Linker created -
  .rodata              const         0x9870    0x20  MK60_conf.o [1]
  .text                ro code       0x9890    0x1e  cmain.o [4]
  .text                ro code       0x98ae     0x4  low_level_init.o [2]
  .text                ro code       0x98b2     0x4  exit.o [2]
  .text                ro code       0x98b8     0xa  cexit.o [4]
  .text                ro code       0x98c2    0x16  xprout.o [2]
  .text                ro code       0x98d8     0xc  putchar.o [2]
  .rodata              const         0x98e4    0x14  MK60_conf.o [1]
  .text                ro code       0x98f8     0xc  cstartup_M.o [4]
  .rodata              const         0x9904     0x8  VCAN_NRF24L0.o [1]
  .rodata              const         0x990c     0x4  MK60_spi.o [1]
  .rodata              const         0x9910     0x4  motor.o [1]
  .rodata              const         0x9914     0x4  motor.o [1]
  .rodata              const         0x9918     0x4  motor.o [1]
  .rodata              const         0x991c     0x4  motor.o [1]
  .rodata              const         0x9920     0x4  motor.o [1]
  .rodata              const         0x9924     0x4  motor.o [1]
  .rodata              const         0x9928     0x4  VCAN_LCD.o [1]
  .rodata              const         0x992c     0x4  VCAN_LCD.o [1]
  .rodata              const         0x9930     0x4  xlocale_c.o [2]
  .rodata              const         0x9934     0x0  zero_init3.o [4]
                                   - 0x9934  0x951c

"P2", part 1 of 2:                            0xbbc
  .data                         0x1fff'0410   0x8f4  <Block>
    .data-1                     0x1fff'0410   0x8f3  <Init block>
      .data            inited   0x1fff'0410     0x8  PID.o [1]
      .data            inited   0x1fff'0418     0x4  LCD_menu.o [1]
      .data            inited   0x1fff'041c    0x30  LCD_menu.o [1]
      .data            inited   0x1fff'044c   0x708  MK60_conf.o [1]
      .data            inited   0x1fff'0b54    0x10  MK60_ftm.o [1]
      .data            inited   0x1fff'0b64    0x14  MK60_gpio.o [1]
      .data            inited   0x1fff'0b78    0x58  MK60_mcg.o [1]
      .data            inited   0x1fff'0bd0     0x4  MK60_mcg.o [1]
      .data            inited   0x1fff'0bd4    0x14  MK60_port.o [1]
      .data            inited   0x1fff'0be8     0xc  MK60_spi.o [1]
      .data            inited   0x1fff'0bf4    0x18  MK60_uart.o [1]
      .data            inited   0x1fff'0c0c    0x24  SEEKFREE_MT9V032.o [1]
      .data            inited   0x1fff'0c30    0x20  SEEKFREE_MT9V032.o [1]
      .data            inited   0x1fff'0c50     0x8  VCAN_key.o [1]
      .data            inited   0x1fff'0c58     0x4  VCAN_LED.o [1]
      .data            inited   0x1fff'0c5c     0x8  VCAN_NRF24L0.o [1]
      .data            inited   0x1fff'0c64     0x8  VCAN_NRF24L0.o [1]
      .data            inited   0x1fff'0c6c    0x38  xlocale_c.o [2]
      .data            inited   0x1fff'0ca4    0x48  xfiles.o [2]
      .data            inited   0x1fff'0cec     0x2  interrupt.o [1]
      .data            inited   0x1fff'0cee     0x2  interrupt.o [1]
      .data            inited   0x1fff'0cf0     0x2  VCAN_LCD_ST7735S.o [1]
      .data            inited   0x1fff'0cf2     0x2  VCAN_LCD_ST7735S.o [1]
      .data            inited   0x1fff'0cf4     0x1  analyse.o [1]
      .data            inited   0x1fff'0cf5     0x1  analyse.o [1]
      .data            inited   0x1fff'0cf6     0x1  circleflag.o [1]
      .data            inited   0x1fff'0cf7     0x1  encoder.o [1]
      .data            inited   0x1fff'0cf8     0x1  init.o [1]
      .data            inited   0x1fff'0cf9     0x1  init.o [1]
      .data            inited   0x1fff'0cfa     0x1  init.o [1]
      .data            inited   0x1fff'0cfb     0x1  init.o [1]
      .data            inited   0x1fff'0cfc     0x1  interrupt.o [1]
      .data            inited   0x1fff'0cfd     0x1  interrupt.o [1]
      .data            inited   0x1fff'0cfe     0x1  interrupt.o [1]
      .data            inited   0x1fff'0cff     0x1  interrupt.o [1]
      .data            inited   0x1fff'0d00     0x1  LCD_menu.o [1]
      .data            inited   0x1fff'0d01     0x1  PID.o [1]
      .data            inited   0x1fff'0d02     0x1  SEEKFREE_MT9V032.o [1]
  CodeRelocateRam               0x1fff'0d04   0x2c8  <Block>
    CodeRelocateRam-1           0x1fff'0d04   0x2c8  <Init block>
      Veneer           inited   0x1fff'0d04     0x8  - Linker created -
      Veneer           inited   0x1fff'0d0c     0x8  - Linker created -
      .textrw          inited   0x1fff'0d14   0x270  MK60_flash.o [1]
      .textrw          inited   0x1fff'0f84    0x48  MK60_mcg.o [1]
                              - 0x1fff'0fcc   0xbbc

"P2", part 2 of 2:                           0x668c
  .bss                          0x1fff'0fd0  0x668c  <Block>
    .bss               zero     0x1fff'0fd0   0x2a8  PID.o [1]
    .bss               zero     0x1fff'1278     0x8  PID.o [1]
    .bss               zero     0x1fff'1280     0x4  analyse.o [1]
    .bss               zero     0x1fff'1284     0x4  circleflag.o [1]
    .bss               zero     0x1fff'1288     0x4  circleflag.o [1]
    .bss               zero     0x1fff'128c     0x4  circleflag.o [1]
    .bss               zero     0x1fff'1290     0x4  circleflag.o [1]
    .bss               zero     0x1fff'1294     0x4  circleflag.o [1]
    .bss               zero     0x1fff'1298     0xc  encoder.o [1]
    .bss               zero     0x1fff'12a4    0x40  init.o [1]
    .bss               zero     0x1fff'12e4     0x4  interrupt.o [1]
    .bss               zero     0x1fff'12e8     0x4  interrupt.o [1]
    .bss               zero     0x1fff'12ec     0x4  interrupt.o [1]
    .bss               zero     0x1fff'12f0     0x4  interrupt.o [1]
    .bss               zero     0x1fff'12f4     0x4  interrupt.o [1]
    .bss               zero     0x1fff'12f8     0x4  interrupt.o [1]
    .bss               zero     0x1fff'12fc     0x4  interrupt.o [1]
    .bss               zero     0x1fff'1300     0xc  interrupt.o [1]
    .bss               zero     0x1fff'130c     0x8  interrupt.o [1]
    .bss               zero     0x1fff'1314     0x8  interrupt.o [1]
    .bss               zero     0x1fff'131c     0x4  LCD_menu.o [1]
    .bss               zero     0x1fff'1320    0x10  MK60_ftm.o [1]
    .bss               zero     0x1fff'1330     0x4  motor.o [1]
    .bss               zero     0x1fff'1334     0x4  motor.o [1]
    .bss               zero     0x1fff'1338     0x4  motor.o [1]
    .bss               zero     0x1fff'133c     0x4  motor.o [1]
    .bss               zero     0x1fff'1340     0x4  motor.o [1]
    .bss               zero     0x1fff'1344     0x4  motor.o [1]
    .bss               zero     0x1fff'1348     0x4  motor.o [1]
    .bss               zero     0x1fff'134c     0xc  PID.o [1]
    .bss               zero     0x1fff'1358     0xc  PID.o [1]
    .bss               zero     0x1fff'1364     0xc  PID.o [1]
    .bss               zero     0x1fff'1370    0x14  PID.o [1]
    .bss               zero     0x1fff'1384     0x4  PID.o [1]
    .bss               zero     0x1fff'1388  0x5820  SEEKFREE_MT9V032.o [1]
    .bss               zero     0x1fff'6ba8     0x4  SEEKFREE_MT9V032.o [1]
    .bss               zero     0x1fff'6bac     0x4  SEEKFREE_MT9V032.o [1]
    .bss               zero     0x1fff'6bb0     0x4  system_MK60DZ10.o [1]
    .bss               zero     0x1fff'6bb4     0x4  system_MK60DZ10.o [1]
    .bss               zero     0x1fff'6bb8     0x4  system_MK60DZ10.o [1]
    .bss               zero     0x1fff'6bbc   0xa00  VCAN_NRF24L0.o [1]
    .bss               zero     0x1fff'75bc     0x4  VCAN_NRF24L0.o [1]
    .bss               zero     0x1fff'75c0     0x4  VCAN_NRF24L0.o [1]
    .bss               zero     0x1fff'75c4     0x4  xfail_s.o [2]
    .bss               zero     0x1fff'75c8    0x50  xfiles.o [2]
    .bss               zero     0x1fff'7618     0x2  analyse.o [1]
    .bss               zero     0x1fff'761a     0x2  circleflag.o [1]
    .bss               zero     0x1fff'761c     0x2  encoder.o [1]
    .bss               zero     0x1fff'761e     0x2  encoder.o [1]
    .bss               zero     0x1fff'7620     0x2  encoder.o [1]
    .bss               zero     0x1fff'7622     0x2  encoder.o [1]
    .bss               zero     0x1fff'7624     0x2  encoder.o [1]
    .bss               zero     0x1fff'7626     0x2  encoder.o [1]
    .bss               zero     0x1fff'7628     0x2  encoder.o [1]
    .bss               zero     0x1fff'762a     0x2  interrupt.o [1]
    .bss               zero     0x1fff'762c     0x1  analyse.o [1]
    .bss               zero     0x1fff'762d     0x1  analyse.o [1]
    .bss               zero     0x1fff'762e     0x1  analyse.o [1]
    .bss               zero     0x1fff'762f     0x1  camera_unit.o [1]
    .bss               zero     0x1fff'7630     0x1  camera_unit.o [1]
    .bss               zero     0x1fff'7631     0x1  circleflag.o [1]
    .bss               zero     0x1fff'7632     0x1  circleflag.o [1]
    .bss               zero     0x1fff'7633     0x1  circleflag.o [1]
    .bss               zero     0x1fff'7634     0x1  encoder.o [1]
    .bss               zero     0x1fff'7635     0x1  encoder.o [1]
    .bss               zero     0x1fff'7636     0x1  encoder.o [1]
    .bss               zero     0x1fff'7637     0x1  init.o [1]
    .bss               zero     0x1fff'7638     0x1  init.o [1]
    .bss               zero     0x1fff'7639     0x1  init.o [1]
    .bss               zero     0x1fff'763a     0x1  init.o [1]
    .bss               zero     0x1fff'763b     0x1  interrupt.o [1]
    .bss               zero     0x1fff'763c     0x1  interrupt.o [1]
    .bss               zero     0x1fff'763d     0x1  interrupt.o [1]
    .bss               zero     0x1fff'763e     0x1  interrupt.o [1]
    .bss               zero     0x1fff'763f     0x1  interrupt.o [1]
    .bss               zero     0x1fff'7640     0x1  interrupt.o [1]
    .bss               zero     0x1fff'7641     0x1  interrupt.o [1]
    .bss               zero     0x1fff'7642     0x1  interrupt.o [1]
    .bss               zero     0x1fff'7643     0x1  interrupt.o [1]
    .bss               zero     0x1fff'7644     0x1  interrupt.o [1]
    .bss               zero     0x1fff'7645     0x1  interrupt.o [1]
    .bss               zero     0x1fff'7646     0x1  interrupt.o [1]
    .bss               zero     0x1fff'7647     0x1  LCD_menu.o [1]
    .bss               zero     0x1fff'7648     0x1  main.o [1]
    .bss               zero     0x1fff'7649     0x1  PID.o [1]
    .bss               zero     0x1fff'764a     0x1  PID.o [1]
    .bss               zero     0x1fff'764b     0x1  PID.o [1]
    .bss               zero     0x1fff'764c     0x1  PID.o [1]
    .bss               zero     0x1fff'764d     0x1  PID.o [1]
    .bss               zero     0x1fff'764e     0x1  SEEKFREE_MT9V032.o [1]
    .bss               zero     0x1fff'764f     0x1  SEEKFREE_MT9V032.o [1]
    .bss               zero     0x1fff'7650     0x1  VCAN_LCD_ST7735S.o [1]
    .bss               zero     0x1fff'7651     0x1  VCAN_NRF24L0.o [1]
    .bss               zero     0x1fff'7652     0x1  VCAN_NRF24L0.o [1]
    .bss               zero     0x1fff'7653     0x1  VCAN_NRF24L0.o [1]
    .bss               zero     0x1fff'7654     0x1  VCAN_NRF24L0.o [1]
    .bss               zero     0x1fff'7655     0x1  VCAN_NRF24L0.o [1]
                              - 0x1fff'7658  0x668c

Unused ranges:

         From           To      Size
         ----           --      ----
       0x9934    0x10'0000  0xf'66cd
  0x1fff'7658  0x2001'0000  0x1'89a9


*******************************************************************************
*** INIT TABLE
***

          Address      Size
          -------      ----
Zero (__iar_zero_init3)
    1 destination range, total size 0x6686:
          0x1fff'0fd0  0x6686



*******************************************************************************
*** MODULE SUMMARY
***

    Module               ro code  rw code  ro data  rw data
    ------               -------  -------  -------  -------
command line/config:
    -------------------------------------------------------
    Total:

F:\比赛\程序\定稿工程\总钻风山外库2（能用）(主板）\Prj\IAR\FN15_Debug\Obj: [1]
    LCD_menu.o             2 512                53       58
    MK60_PIT.o               124                92
    MK60_SysTick.o            96                96
    MK60_conf.o              320             1 948    1 800
    MK60_dma.o               584                92
    MK60_flash.o                      624      720
    MK60_ftm.o             1 536               108       32
    MK60_gpio.o              428               116       20
    MK60_mcg.o               972       72      164       92
    MK60_port.o              184                20       20
    MK60_spi.o             1 660               172       12
    MK60_uart.o              700               120       24
    MK60_wdog.o               64
    PID.o                  1 868                 9      762
    SEEKFREE_MT9V032.o       712                69   22 639
    VCAN_ASCII.o                             1 536
    VCAN_LCD.o               960                 8
    VCAN_LCD_ST7735S.o     4 680               108        5
    VCAN_LED.o               192                 4        4
    VCAN_NRF24L0.o           876                24    2 589
    VCAN_key.o               164                 8        8
    analyse.o                                    2       11
    camera_unit.o             80                          2
    circleflag.o             844                 1       26
    encoder.o                416                 1       30
    init.o                 1 820                 4       72
    interrupt.o            1 912                 8       78
    main.o                    88                          1
    misc.o                    80                88
    motor.o                  756                24       28
    startup_MK60DZ10.o         8
    system_MK60DZ10.o        280                         12
    vectors.o                                1 040
    -------------------------------------------------------
    Total:                24 916      696    6 635   28 325

dl7M_tlf.a: [2]
    abort.o                    6
    abs.o                      8
    exit.o                     4
    low_level_init.o           4
    printf.o                  40
    putchar.o                 12
    xfail_s.o                 64                          4
    xfiles.o                                    72      152
    xlocale_c.o                8                60       56
    xprintflarge_nomb.o    3 094
    xprout.o                  22
    -------------------------------------------------------
    Total:                 3 262               132      212

m7M_tl.a: [3]
    DblAdd.o                 378
    DblCmpLe.o                46
    DblDiv.o                 582
    DblMul.o                 418
    DblSub.o                 226
    DblToFlt.o               104
    DblToS32.o                58
    DblToU32.o                40
    FltAdd.o                 226
    FltCmpEq.o                28
    FltCmpGe.o                36
    FltCmpLe.o                36
    FltDiv.o                 252
    FltMul.o                 216
    FltSub.o                 128
    FltToDbl.o                72
    FltToS32.o                42
    S32ToDbl.o                34
    S32ToFlt.o                36
    U32ToDbl.o                26
    U32ToFlt.o                28
    frexp.o                  112
    -------------------------------------------------------
    Total:                 3 124

rt7M_tl.a: [4]
    ABImemcpy.o              166
    I64DivMod.o              560
    I64DivZer.o                2
    XXexit.o                  12
    cexit.o                   10
    cmain.o                   30
    cstartup_M.o              12
    data_init.o               40
    memchr.o                  88
    strchr.o                  22
    strlen.o                  54
    zero_init3.o              58
    -------------------------------------------------------
    Total:                 1 054

    Gaps                      32
    Linker created            32       16       33
-----------------------------------------------------------
    Grand Total:          32 420      712    6 800   28 537


*******************************************************************************
*** ENTRY LIST
***

Entry                       Address    Size  Type      Object
-----                       -------    ----  ----      ------
.bss$$Base              0x1fff'0fd0           --   Gb  - Linker created -
.bss$$Limit             0x1fff'7658           --   Gb  - Linker created -
.data$$Base             0x1fff'0410           --   Gb  - Linker created -
.data$$Limit            0x1fff'0d04           --   Gb  - Linker created -
.data_init$$Base             0x437c           --   Gb  - Linker created -
.data_init$$Limit            0x4c70           --   Gb  - Linker created -
.iar.init_table$$Base        0x9860           --   Gb  - Linker created -
.iar.init_table$$Limit       0x9870           --   Gb  - Linker created -
?main                        0x9891          Code  Gb  cmain.o [4]
ASSERT_FAILED_STR            0x983c    0x24  Data  Gb  MK60_conf.o [1]
A_Aim_speed             0x1fff'133c     0x4  Data  Gb  motor.o [1]
A_OUT                   0x1fff'12e4     0x4  Data  Gb  interrupt.o [1]
Aim_Speed               0x1fff'134c     0xc  Data  Gb  PID.o [1]
B_Aim_speed             0x1fff'1340     0x4  Data  Gb  motor.o [1]
B_OUT                   0x1fff'12e8     0x4  Data  Gb  interrupt.o [1]
Back                         0x9914     0x4  Data  Gb  motor.o [1]
C_Aim_speed             0x1fff'1344     0x4  Data  Gb  motor.o [1]
C_OUT                   0x1fff'12ec     0x4  Data  Gb  interrupt.o [1]
CodeRelocate$$Base           0x8f70           --   Gb  - Linker created -
CodeRelocate$$Limit          0x9238           --   Gb  - Linker created -
CodeRelocateRam$$Base   0x1fff'0d04           --   Gb  - Linker created -
CodeRelocateRam$$Limit  0x1fff'0fcc           --   Gb  - Linker created -
DKDN                    0x1fff'763a     0x1  Data  Gb  init.o [1]
DKI_SWITCH              0x1fff'1384     0x4  Data  Gb  PID.o [1]
DKPN                    0x1fff'0cfb     0x1  Data  Gb  init.o [1]
DMA0_IRQHandler              0x524f    0x12  Code  Gb  interrupt.o [1]
D_Aim_speed             0x1fff'1348     0x4  Data  Gb  motor.o [1]
D_OUT                   0x1fff'12f0     0x4  Data  Gb  interrupt.o [1]
Dir_pid                 0x1fff'1370    0x14  Data  Gb  PID.o [1]
Encoder                 0x1fff'1364     0xc  Data  Gb  PID.o [1]
Enconder_init                0x8199    0x10  Code  Gb  init.o [1]
FTMN                    0x1fff'0b54    0x10  Data  Gb  MK60_ftm.o [1]
FTM_port_mux                 0x6b55   0x1a6  Code  Lc  MK60_ftm.o [1]
Forward                      0x9910     0x4  Data  Gb  motor.o [1]
GET_CFG                 0x1fff'0c30    0x20  Data  Gb  SEEKFREE_MT9V032.o [1]
GPIOX                   0x1fff'0b64    0x14  Data  Gb  MK60_gpio.o [1]
Get_MxMi                     0x6881    0x34  Code  Gb  PID.o [1]
KD                      0x1fff'7639     0x1  Data  Gb  init.o [1]
KEY_PTxn                0x1fff'0c50     0x8  Data  Gb  VCAN_key.o [1]
KP                      0x1fff'0cfa     0x1  Data  Gb  init.o [1]
Kd                      0x1fff'7638     0x1  Data  Gb  init.o [1]
Ki                      0x1fff'7637     0x1  Data  Gb  init.o [1]
Kp                      0x1fff'0cf9     0x1  Data  Gb  init.o [1]
LCD_ST7735S_dir               0xe99   0x5fe  Code  Gb  VCAN_LCD_ST7735S.o [1]
LCD_ST7735S_init              0x419   0xa68  Code  Gb  VCAN_LCD_ST7735S.o [1]
LCD_ST7735S_ptlon            0x1497   0x19a  Code  Gb  VCAN_LCD_ST7735S.o [1]
LCD_char                     0x40bb   0x1b4  Code  Gb  VCAN_LCD.o [1]
LCD_init                     0x3fbd    0x2a  Code  Gb  VCAN_LCD.o [1]
LCD_num                      0x42d7    0x84  Code  Gb  VCAN_LCD.o [1]
LCD_rectangle                0x3fe7    0xd4  Code  Gb  VCAN_LCD.o [1]
LCD_str                      0x426f    0x68  Code  Gb  VCAN_LCD.o [1]
LED_PTxn                0x1fff'0c58     0x4  Data  Gb  VCAN_LED.o [1]
Last_Encoder            0x1fff'1358     0xc  Data  Gb  PID.o [1]
Left                         0x9918     0x4  Data  Gb  motor.o [1]
LoadInt                      0x2061    0x7a  Code  Lc  xprintflarge_nomb.o [2]
MT9V032_CFG             0x1fff'0c0c    0x24  Data  Gb  SEEKFREE_MT9V032.o [1]
MT9V032_camera_init          0x60d3    0xea  Code  Gb  SEEKFREE_MT9V032.o [1]
McNamm_wheel_control         0x59eb   0x1cc  Code  Gb  motor.o [1]
Motor_Init                   0x8131    0x68  Code  Gb  init.o [1]
Motor_Move_Api               0x5925    0xc6  Code  Gb  motor.o [1]
Move_left                    0x9920     0x4  Data  Gb  motor.o [1]
Move_right                   0x9924     0x4  Data  Gb  motor.o [1]
NRF_ISR_RX_FIFO         0x1fff'6bbc   0xa00  Data  Gb  VCAN_NRF24L0.o [1]
NT                      0x1fff'762c     0x1  Data  Gb  analyse.o [1]
NT_judge                0x1fff'7631     0x1  Data  Gb  circleflag.o [1]
NT_send                 0x1fff'0cfe     0x1  Data  Gb  interrupt.o [1]
NVIC_DisableIRQ              0x5fa5    0x18  Code  Lc  SEEKFREE_MT9V032.o [1]
NVIC_EnableIRQ               0x7dd7    0x18  Code  Lc  init.o [1]
NVIC_EnableIRQ               0x9391    0x16  Code  Lc  main.o [1]
NVIC_EnableIRQ               0x1b5d    0x18  Code  Lc  MK60_uart.o [1]
NVIC_EnableIRQ               0x5f8d    0x18  Code  Lc  SEEKFREE_MT9V032.o [1]
NVIC_SetPriority             0x7def    0x30  Code  Lc  init.o [1]
NVIC_SetPriority             0x5fbd    0x2e  Code  Lc  SEEKFREE_MT9V032.o [1]
NVIC_SetPriorityGrouping
                             0x7db5    0x22  Code  Lc  init.o [1]
NVIC_SystemReset             0x1935    0x18  Code  Lc  MK60_conf.o [1]
PID_Init                     0x6409    0xc2  Code  Gb  PID.o [1]
PID_Motor               0x1fff'0fd0   0x2a8  Data  Gb  PID.o [1]
PID_Threshold           0x1fff'0410     0x8  Data  Gb  PID.o [1]
PIT0_IRQHandler              0x5261    0xb2  Code  Gb  interrupt.o [1]
PIT1_IRQHandler              0x4ea9    0x9c  Code  Gb  interrupt.o [1]
PORTA_IRQHandler             0x522d    0x22  Code  Gb  interrupt.o [1]
PORTE_IRQHandler             0x5211    0x1c  Code  Gb  interrupt.o [1]
PORTX                   0x1fff'0bd4    0x14  Data  Gb  MK60_port.o [1]
RX_ADDRESS              0x1fff'0c64     0x8  Data  Gb  VCAN_NRF24L0.o [1]
Region$$Table$$Base          0x9860           --   Gb  - Linker created -
Region$$Table$$Limit         0x9870           --   Gb  - Linker created -
Reset_Handler                 0x411          Code  Gb  startup_MK60DZ10.o [1]
Right                        0x991c     0x4  Data  Gb  motor.o [1]
SPIN                    0x1fff'0be8     0xc  Data  Gb  MK60_spi.o [1]
ST7735S_get_h                0x1631     0x6  Code  Gb  VCAN_LCD_ST7735S.o [1]
ST7735S_get_w                0x1637     0x6  Code  Gb  VCAN_LCD_ST7735S.o [1]
Set_Motor                    0x66cd   0x1b4  Code  Gb  PID.o [1]
TOF_left_byteReceived   0x1fff'763b     0x1  Data  Gb  interrupt.o [1]
TOF_right_byteReceived  0x1fff'763c     0x1  Data  Gb  interrupt.o [1]
TX_ADDRESS              0x1fff'0c5c     0x8  Data  Gb  VCAN_NRF24L0.o [1]
UART0_IRQhandler             0x4d8b    0x1a  Code  Gb  interrupt.o [1]
UART1_IRQhandler             0x4f5d   0x168  Code  Gb  interrupt.o [1]
UART1_IRQhandler::data_TOF_left_cnt
                        0x1fff'7644     0x1  Data  Lc  interrupt.o [1]
UART1_IRQhandler::rec_TOF_left
                        0x1fff'130c     0x8  Data  Lc  interrupt.o [1]
UART1_IRQhandler::rec_TOF_left_state
                        0x1fff'7643     0x1  Data  Lc  interrupt.o [1]
UART2_IRQhandler             0x4f45    0x10  Code  Gb  interrupt.o [1]
UART4_IRQhandler             0x4f55     0x8  Code  Gb  interrupt.o [1]
UART5_IRQhandler             0x50c5   0x14c  Code  Gb  interrupt.o [1]
UART5_IRQhandler::data_TOF_right_cnt
                        0x1fff'7646     0x1  Data  Lc  interrupt.o [1]
UART5_IRQhandler::rec_TOF_right
                        0x1fff'1314     0x8  Data  Lc  interrupt.o [1]
UART5_IRQhandler::rec_TOF_right_state
                        0x1fff'7645     0x1  Data  Lc  interrupt.o [1]
UARTN                   0x1fff'0bf4    0x18  Data  Gb  MK60_uart.o [1]
USART3_IRQHandler            0x5313    0x1a  Code  Gb  interrupt.o [1]
VAR                     0x1fff'0418     0x4  Data  Gb  LCD_menu.o [1]
VSYNC                        0x61bd    0x1a  Code  Gb  SEEKFREE_MT9V032.o [1]
Vx                      0x1fff'1330     0x4  Data  Gb  motor.o [1]
Vy                      0x1fff'1334     0x4  Data  Gb  motor.o [1]
Vz                      0x1fff'1338     0x4  Data  Gb  motor.o [1]
_GenldLargeNoMb              0x27f1   0x24c  Code  Lc  xprintflarge_nomb.o [2]
_LdtobLargeNoMb              0x2597   0x232  Code  Lc  xprintflarge_nomb.o [2]
_LitobLargeNoMb              0x2447   0x10a  Code  Lc  xprintflarge_nomb.o [2]
_Locale_lconv           0x1fff'0c6c    0x38  Data  Lc  xlocale_c.o [2]
_PrintfLargeNoMb             0x1ebd   0x19e  Code  Gb  xprintflarge_nomb.o [2]
_Prout                       0x98c3    0x16  Code  Gb  xprout.o [2]
_PutcharsLargeNoMb           0x2a3d    0x2e  Code  Lc  xprintflarge_nomb.o [2]
_PutfldLargeNoMb             0x20db   0x260  Code  Lc  xprintflarge_nomb.o [2]
_PuttxtLargeNoMb             0x233b   0x10c  Code  Lc  xprintflarge_nomb.o [2]
__BOOT_STACK_ADDRESS {Abs}
                        0x2000'fff8          Data  Gb  <internal module>
__VECTOR_RAM {Abs}      0x1fff'0000          Data  Gb  <internal module>
__VECTOR_TABLE {Abs}            0x0          Data  Gb  <internal module>
__aeabi_cdcmple              0x7c81          Code  Gb  DblCmpLe.o [3]
__aeabi_cfcmpeq              0x7c65          Code  Gb  FltCmpEq.o [3]
__aeabi_cfcmple              0x7c41          Code  Gb  FltCmpLe.o [3]
__aeabi_cfrcmple             0x7c1d          Code  Gb  FltCmpGe.o [3]
__aeabi_d2f                  0x7291          Code  Gb  DblToFlt.o [3]
__aeabi_d2iz                 0x7be1          Code  Gb  DblToS32.o [3]
__aeabi_d2uiz                0x3329          Code  Gb  DblToU32.o [3]
__aeabi_dadd                 0x3465          Code  Gb  DblAdd.o [3]
__aeabi_ddiv                 0x30e1          Code  Gb  DblDiv.o [3]
__aeabi_dmul                 0x2e25          Code  Gb  DblMul.o [3]
__aeabi_dsub                 0x336d          Code  Gb  DblSub.o [3]
__aeabi_f2d                  0x7249          Code  Gb  FltToDbl.o [3]
__aeabi_f2iz                 0x62f9          Code  Gb  FltToS32.o [3]
__aeabi_fadd                 0x6325          Code  Gb  FltAdd.o [3]
__aeabi_fdiv                 0x7cb1          Code  Gb  FltDiv.o [3]
__aeabi_fmul                 0x7171          Code  Gb  FltMul.o [3]
__aeabi_fsub                 0x6279          Code  Gb  FltSub.o [3]
__aeabi_i2d                  0x7bbd          Code  Gb  S32ToDbl.o [3]
__aeabi_i2f                  0x6255          Code  Gb  S32ToFlt.o [3]
__aeabi_ldiv0                0x3461          Code  Gb  I64DivZer.o [4]
__aeabi_memcpy               0x2fc9          Code  Gb  ABImemcpy.o [4]
__aeabi_memcpy4              0x2fe9          Code  Gb  ABImemcpy.o [4]
__aeabi_memcpy8              0x2fe9          Code  Gb  ABImemcpy.o [4]
__aeabi_ui2d                 0x3351          Code  Gb  U32ToDbl.o [3]
__aeabi_ui2f                 0x7155          Code  Gb  U32ToFlt.o [3]
__aeabi_uldivmod             0x2bf5          Code  Gb  I64DivMod.o [4]
__cmain                      0x9891          Code  Gb  cmain.o [4]
__code_start__ {Abs}          0x410          Data  Gb  <internal module>
__exit                       0x35e1          Code  Gb  XXexit.o [4]
__iar_Fail_s                 0x2b25    0x1c  Code  Gb  xfail_s.o [2]
__iar_Memchr                 0x2b9d          Code  Gb  memchr.o [4]
__iar_Stdout            0x1fff'0ca4    0x48  Data  Gb  xfiles.o [2]
__iar_Strchr                 0x2b0d          Code  Gb  strchr.o [4]
__iar_dadd                   0x337d          Code  Gb  DblSub.o [3]
__iar_data_init3             0x9815    0x28  Code  Gb  data_init.o [4]
__iar_dsub                   0x3475          Code  Gb  DblAdd.o [3]
__iar_dsubStart              0x3487          Code  Gb  DblAdd.o [3]
__iar_fadd                   0x6285          Code  Gb  FltSub.o [3]
__iar_frexp                  0x307d          Code  Gb  frexp.o [3]
__iar_frexp64                0x3071          Code  Gb  frexp.o [3]
__iar_frexpl                 0x307d          Code  Gb  frexp.o [3]
__iar_fsub                   0x6331          Code  Gb  FltAdd.o [3]
__iar_fsubStart              0x6341          Code  Gb  FltAdd.o [3]
__iar_program_start          0x98f9          Code  Gb  cstartup_M.o [4]
__iar_zero_init3             0x2ad3    0x3a  Code  Gb  zero_init3.o [4]
__low_level_init             0x98af     0x4  Code  Gb  low_level_init.o [2]
__vector_table                  0x0   0x410  Data  Gb  vectors.o [1]
_call_main                   0x989d          Code  Gb  cmain.o [4]
_exit                        0x98b9          Code  Gb  cexit.o [4]
_main                        0x98ab          Code  Gb  cmain.o [4]
abort                        0x3459     0x6  Code  Gb  abort.o [2]
abs                          0x5c19     0x8  Code  Gb  abs.o [2]
ascii_8x16                   0x859c   0x600  Data  Gb  VCAN_ASCII.o [1]
assert_failed                0x194d    0x26  Code  Gb  MK60_conf.o [1]
back_barrier_state      0x1fff'763f     0x1  Data  Gb  interrupt.o [1]
barrier_anas                 0x4c71   0x11a  Code  Gb  interrupt.o [1]
barrier_dis_left        0x1fff'0cee     0x2  Data  Gb  interrupt.o [1]
barrier_dis_right       0x1fff'0cec     0x2  Data  Gb  interrupt.o [1]
barrier_left1_flag      0x1fff'12f4     0x4  Data  Gb  interrupt.o [1]
barrier_right1_flag     0x1fff'12f8     0x4  Data  Gb  interrupt.o [1]
barrierflag             0x1fff'763d     0x1  Data  Gb  interrupt.o [1]
big_turn_edge           0x1fff'0cf6     0x1  Data  Gb  circleflag.o [1]
bupian_count            0x1fff'764d     0x1  Data  Gb  PID.o [1]
bus_clk_khz             0x1fff'6bb8     0x4  Data  Gb  system_MK60DZ10.o [1]
col_mid1                0x1fff'764b     0x1  Data  Gb  PID.o [1]
col_position            0x1fff'7618     0x2  Data  Gb  analyse.o [1]
col_position_judge      0x1fff'761a     0x2  Data  Gb  circleflag.o [1]
col_position_send       0x1fff'763e     0x1  Data  Gb  interrupt.o [1]
col_start_flag          0x1fff'0d01     0x1  Data  Gb  PID.o [1]
common_startup               0x9293    0x84  Code  Gb  system_MK60DZ10.o [1]
control_mode            0x1fff'7630     0x1  Data  Gb  camera_unit.o [1]
core_clk_khz            0x1fff'6bb0     0x4  Data  Gb  system_MK60DZ10.o [1]
core_clk_mhz            0x1fff'6bb4     0x4  Data  Gb  system_MK60DZ10.o [1]
count_A                 0x1fff'761c     0x2  Data  Gb  encoder.o [1]
count_B                 0x1fff'761e     0x2  Data  Gb  encoder.o [1]
count_C                 0x1fff'7620     0x2  Data  Gb  encoder.o [1]
count_D                 0x1fff'7622     0x2  Data  Gb  encoder.o [1]
count_LB                0x1fff'7626     0x2  Data  Gb  encoder.o [1]
count_LF                0x1fff'7624     0x2  Data  Gb  encoder.o [1]
count_get                    0x5439    0x94  Code  Gb  encoder.o [1]
default_isr                  0x1a23    0x32  Code  Gb  MK60_conf.o [1]
dir_pid                      0x6911   0x1b0  Code  Gb  PID.o [1]
dma_gpio_input_init          0x7975    0x5c  Code  Lc  MK60_dma.o [1]
dma_portx2buff_init          0x79d1   0x1b6  Code  Gb  MK60_dma.o [1]
dma_repeat                   0x5feb    0x50  Code  Lc  SEEKFREE_MT9V032.o [1]
exit                         0x98b3     0x4  Code  Gb  exit.o [2]
fakeflag                0x1fff'762d     0x1  Data  Gb  analyse.o [1]
fakeflag_judge          0x1fff'7632     0x1  Data  Gb  circleflag.o [1]
fakeflag_send           0x1fff'0cfd     0x1  Data  Gb  interrupt.o [1]
flash_cmd               0x1fff'0d15    0x1c  Code  Gb  MK60_flash.o [1]
flash_erase_sector      0x1fff'0d51    0x5c  Code  Gb  MK60_flash.o [1]
flash_init              0x1fff'0d31    0x20  Code  Gb  MK60_flash.o [1]
flash_write             0x1fff'0dad    0xba  Code  Gb  MK60_flash.o [1]
flash_write_buf         0x1fff'0e67    0xe0  Code  Gb  MK60_flash.o [1]
fputc                        0x1973    0x14  Code  Gb  MK60_conf.o [1]
free_flag               0x1fff'762f     0x1  Data  Gb  camera_unit.o [1]
frexp                        0x3071          Code  Gb  frexp.o [3]
frexpl                       0x3071          Code  Gb  frexp.o [3]
ftm_mod                 0x1fff'1320    0x10  Data  Lc  MK60_ftm.o [1]
ftm_pwm_duty                 0x6ea7   0x12e  Code  Gb  MK60_ftm.o [1]
ftm_pwm_init                 0x6cfb   0x1ac  Code  Gb  MK60_ftm.o [1]
ftm_quad_clean               0x710b    0x2e  Code  Gb  MK60_ftm.o [1]
ftm_quad_get                 0x70dd    0x2e  Code  Gb  MK60_ftm.o [1]
ftm_quad_init                0x6fd5   0x108  Code  Gb  MK60_ftm.o [1]
gama                    0x1fff'1278     0x8  Data  Gb  PID.o [1]
get_config                   0x6075    0x5e  Code  Gb  SEEKFREE_MT9V032.o [1]
get_switch                   0x7e1f   0x25e  Code  Gb  init.o [1]
gpio_get                     0x17c7    0x3c  Code  Gb  MK60_gpio.o [1]
gpio_init                    0x1661    0xb6  Code  Gb  MK60_gpio.o [1]
gpio_set                     0x1717    0x76  Code  Gb  MK60_gpio.o [1]
gpio_turn                    0x178d    0x3a  Code  Gb  MK60_gpio.o [1]
image                   0x1fff'1388  0x5820  Data  Gb  SEEKFREE_MT9V032.o [1]
init_all                     0x81d9   0x24a  Code  Gb  init.o [1]
jiansuflag              0x1fff'1294     0x4  Data  Gb  circleflag.o [1]
key_check                    0x1e8d    0x2a  Code  Gb  VCAN_key.o [1]
key_get                      0x1e71    0x1c  Code  Gb  VCAN_key.o [1]
key_init                     0x1e19    0x58  Code  Gb  VCAN_key.o [1]
last_col_longest        0x1fff'1280     0x4  Data  Gb  analyse.o [1]
last_col_longest_judge  0x1fff'128c     0x4  Data  Gb  circleflag.o [1]
last_col_longest_send   0x1fff'0cfc     0x1  Data  Gb  interrupt.o [1]
led                          0x1ab5    0x42  Code  Gb  VCAN_LED.o [1]
led_init                     0x1a75    0x40  Code  Gb  VCAN_LED.o [1]
led_turn                     0x1af7    0x38  Code  Gb  VCAN_LED.o [1]
line_flag               0x1fff'1288     0x4  Data  Gb  circleflag.o [1]
localeconv                   0x3451     0x4  Code  Gb  xlocale_c.o [2]
main                         0x93a7    0x32  Code  Gb  main.o [1]
mcg_cfg                 0x1fff'0b78    0x58  Data  Gb  MK60_mcg.o [1]
mcg_div                 0x1fff'0bd0     0x4  Data  Gb  MK60_mcg.o [1]
mcg_div_count                0x8ba5   0x31a  Code  Gb  MK60_mcg.o [1]
memchr                       0x2b9d          Code  Gb  memchr.o [4]
menu_display                 0x35ed   0x2a4  Code  Gb  LCD_menu.o [1]
mianbiflag              0x1fff'12fc     0x4  Data  Gb  interrupt.o [1]
mode_choose                  0x55d9   0x110  Code  Gb  circleflag.o [1]
modeflag                0x1fff'1284     0x4  Data  Gb  circleflag.o [1]
motor_circle_judgement       0x56e9   0x184  Code  Gb  circleflag.o [1]
mt9v032_cof_uart_interrupt
                             0x603b    0x3a  Code  Gb  SEEKFREE_MT9V032.o [1]
mt9v032_finish_flag     0x1fff'764f     0x1  Data  Gb  SEEKFREE_MT9V032.o [1]
new_row_edge            0x1fff'12a4    0x40  Data  Gb  init.o [1]
nmr                     0x1fff'7649     0x1  Data  Gb  PID.o [1]
now_row                 0x1fff'6bac     0x4  Data  Gb  SEEKFREE_MT9V032.o [1]
nrf_handler                  0x5e65    0xee  Code  Gb  VCAN_NRF24L0.o [1]
nrf_init                     0x5c21    0xa4  Code  Gb  VCAN_NRF24L0.o [1]
nrf_irq_tx_addr         0x1fff'75bc     0x4  Data  Gb  VCAN_NRF24L0.o [1]
nrf_irq_tx_flag         0x1fff'7655     0x1  Data  Gb  VCAN_NRF24L0.o [1]
nrf_irq_tx_pnum         0x1fff'75c0     0x4  Data  Gb  VCAN_NRF24L0.o [1]
nrf_link_check               0x5d5f    0x7a  Code  Gb  VCAN_NRF24L0.o [1]
nrf_mode                0x1fff'7651     0x1  Data  Gb  VCAN_NRF24L0.o [1]
nrf_readbuf                  0x5d37    0x28  Code  Lc  VCAN_NRF24L0.o [1]
nrf_readreg                  0x5ce9    0x26  Code  Lc  VCAN_NRF24L0.o [1]
nrf_rx_flag             0x1fff'7654     0x1  Data  Gb  VCAN_NRF24L0.o [1]
nrf_rx_front            0x1fff'7652     0x1  Data  Gb  VCAN_NRF24L0.o [1]
nrf_rx_mode                  0x5dd9    0x4c  Code  Lc  VCAN_NRF24L0.o [1]
nrf_rx_rear             0x1fff'7653     0x1  Data  Gb  VCAN_NRF24L0.o [1]
nrf_tx_mode                  0x5e25    0x40  Code  Lc  VCAN_NRF24L0.o [1]
nrf_writebuf                 0x5d0f    0x28  Code  Lc  VCAN_NRF24L0.o [1]
nrf_writereg                 0x5cc5    0x24  Code  Lc  VCAN_NRF24L0.o [1]
obuf                    0x1fff'75c8    0x50  Data  Lc  xfiles.o [2]
pianliflag              0x1fff'764a     0x1  Data  Gb  PID.o [1]
pid                          0x64cb   0x202  Code  Gb  PID.o [1]
pid_set                      0x68b5    0x5c  Code  Gb  PID.o [1]
pit_init                     0x8521    0x6c  Code  Gb  MK60_PIT.o [1]
pll_init                     0x8ebf    0x96  Code  Gb  MK60_mcg.o [1]
port_init                    0x180d    0x48  Code  Gb  MK60_port.o [1]
port_init_NoALT              0x1855    0x68  Code  Gb  MK60_port.o [1]
printf                       0x1b35    0x28  Code  Gb  printf.o [2]
putchar                      0x98d9     0xc  Code  Gb  putchar.o [2]
qie_left_flag           0x1fff'7634     0x1  Data  Gb  encoder.o [1]
receive                 0x1fff'6ba8     0x4  Data  Gb  SEEKFREE_MT9V032.o [1]
receive_barrier              0x4da5   0x104  Code  Gb  interrupt.o [1]
receive_barrier::_data_barrier_cnt
                        0x1fff'7642     0x1  Data  Lc  interrupt.o [1]
receive_barrier::rec_barrier_len
                        0x1fff'0cff     0x1  Data  Lc  interrupt.o [1]
receive_barrier::rec_barrier_state
                        0x1fff'7641     0x1  Data  Lc  interrupt.o [1]
receive_barrier::rec_barrier_temp
                        0x1fff'1300     0xc  Data  Lc  interrupt.o [1]
receive_count                0x54cd    0xda  Code  Gb  encoder.o [1]
receive_count::_data_cnt
                        0x1fff'7636     0x1  Data  Lc  encoder.o [1]
receive_count::rec_len  0x1fff'0cf7     0x1  Data  Lc  encoder.o [1]
receive_count::rec_state
                        0x1fff'7635     0x1  Data  Lc  encoder.o [1]
receive_count::rec_temp
                        0x1fff'1298     0xc  Data  Lc  encoder.o [1]
receive_num             0x1fff'764e     0x1  Data  Gb  SEEKFREE_MT9V032.o [1]
row_cut                 0x1fff'0cf4     0x1  Data  Gb  analyse.o [1]
row_edge                0x1fff'0cf5     0x1  Data  Gb  analyse.o [1]
row_edge_array          0x1fff'041c    0x30  Data  Gb  LCD_menu.o [1]
row_finished                 0x61d7    0x32  Code  Gb  SEEKFREE_MT9V032.o [1]
scale                        0x2551    0x46  Code  Lc  xprintflarge_nomb.o [2]
sec_hand                0x1fff'75c4     0x4  Data  Lc  xfail_s.o [2]
set_prameter                 0x38c1   0x6b0  Code  Gb  LCD_menu.o [1]
set_prameter::flag      0x1fff'0d00     0x1  Data  Lc  LCD_menu.o [1]
set_sys_dividers        0x1fff'0f85    0x48  Code  Gb  MK60_mcg.o [1]
set_vector_handler           0x84f3    0x22  Code  Gb  misc.o [1]
shuangshe_use                0x53e9    0x3a  Code  Gb  camera_unit.o [1]
site1                   0x1fff'131c     0x4  Data  Gb  LCD_menu.o [1]
speed_check             0x1fff'7628     0x2  Data  Gb  encoder.o [1]
speed_down              0x1fff'7647     0x1  Data  Gb  LCD_menu.o [1]
speed_flag              0x1fff'1290     0x4  Data  Gb  circleflag.o [1]
spi_init                     0x72f9   0x34c  Code  Gb  MK60_spi.o [1]
spi_mosi                     0x7645   0x132  Code  Gb  MK60_spi.o [1]
spi_mosi_cmd                 0x7777   0x1d8  Code  Gb  MK60_spi.o [1]
st7735s_dir             0x1fff'7650     0x1  Data  Gb  VCAN_LCD_ST7735S.o [1]
st7735s_h               0x1fff'0cf0     0x2  Data  Gb  VCAN_LCD_ST7735S.o [1]
st7735s_w               0x1fff'0cf2     0x2  Data  Gb  VCAN_LCD_ST7735S.o [1]
start                        0x9239    0x22  Code  Gb  system_MK60DZ10.o [1]
start_check                  0x1987    0x9c  Code  Gb  MK60_conf.o [1]
start_flag              0x1fff'7648     0x1  Data  Gb  main.o [1]
stopcount               0x1fff'762a     0x2  Data  Gb  interrupt.o [1]
stopflag                0x1fff'7640     0x1  Data  Gb  interrupt.o [1]
strchr                       0x2b0d          Code  Gb  strchr.o [4]
strlen                       0x2b65          Code  Gb  strlen.o [4]
switch_init                  0x81a9    0x30  Code  Gb  init.o [1]
sysinit                      0x925b    0x38  Code  Gb  system_MK60DZ10.o [1]
systick_delay                0x18c5    0x32  Code  Gb  MK60_SysTick.o [1]
systick_delay_ms             0x18f7    0x18  Code  Gb  MK60_SysTick.o [1]
test_col_flag           0x1fff'762e     0x1  Data  Gb  analyse.o [1]
testflag                0x1fff'7633     0x1  Data  Gb  circleflag.o [1]
threshold               0x1fff'0cf8     0x1  Data  Gb  init.o [1]
turn_left_flag          0x1fff'764c     0x1  Data  Gb  PID.o [1]
uart0_init                   0x80c5    0x24  Code  Gb  init.o [1]
uart1_init                   0x80e9    0x24  Code  Gb  init.o [1]
uart2_init                   0x807d    0x24  Code  Gb  init.o [1]
uart4_init                   0x80a1    0x24  Code  Gb  init.o [1]
uart5_init                   0x810d    0x24  Code  Gb  init.o [1]
uart_getchar                 0x1d6b    0x20  Code  Gb  MK60_uart.o [1]
uart_init                    0x1b75   0x1f6  Code  Gb  MK60_uart.o [1]
uart_putbuff                 0x1da7    0x26  Code  Gb  MK60_uart.o [1]
uart_putchar                 0x1d8b    0x1c  Code  Gb  MK60_uart.o [1]
uart_receive_flag       0x1fff'0d02     0x1  Data  Gb  SEEKFREE_MT9V032.o [1]
uart_rx_irq_en               0x1dcd    0x2e  Code  Gb  MK60_uart.o [1]
vector_str              0x1fff'044c   0x708  Data  Gb  MK60_conf.o [1]
wdog_disable                 0x9351    0x14  Code  Gb  MK60_wdog.o [1]
wdog_unlock                  0x9365    0x20  Code  Lc  MK60_wdog.o [1]
write_vtor                   0x84d1    0x22  Code  Gb  misc.o [1]


[1] = F:\比赛\程序\定稿工程\总钻风山外库2（能用）(主板）\Prj\IAR\FN15_Debug\Obj
[2] = dl7M_tlf.a
[3] = m7M_tl.a
[4] = rt7M_tl.a

  32 420 bytes of readonly  code memory
     712 bytes of readwrite code memory
   6 800 bytes of readonly  data memory
  28 537 bytes of readwrite data memory

Errors: none
Warnings: none
